npm warn Unknown project config "enable-pre-post-scripts". This will stop working in the next major version of npm. See `npm help npmrc` for supported config options.

Running 28 tests using 1 worker

[1A[2K[1/28] [mobile-chromium] › tests\e2e\add-appends-bottom.spec.ts:9:5 › 편집에서 추가한 운동은 멀티 부위 일자에서도 맨 아래로 간다
[1A[2K[2/28] [mobile-chromium] › tests\e2e\admin-ban.spec.ts:12:5 › 관리자 영구정지 → 회원 차단 → 해제 → 복구
[1A[2K  1) [mobile-chromium] › tests\e2e\admin-ban.spec.ts:12:5 › 관리자 영구정지 → 회원 차단 → 해제 → 복구 ─────────────

    Error: [2mexpect([22m[31mlocator[39m[2m).[22mtoBeVisible[2m([22m[2m)[22m failed

    Locator: getByRole('heading', { name: '오늘의 운동' })
    Expected: visible
    Timeout: 15000ms
    Error: element(s) not found

    Call log:
    [2m  - Expect "toBeVisible" with timeout 15000ms[22m
    [2m  - waiting for getByRole('heading', { name: '오늘의 운동' })[22m


      15 |   const tpage = await tctx.newPage();
      16 |   const targetEmail = await signUpAndOnboard(tpage);
    > 17 |   await expect(tpage.getByRole("heading", { name: "오늘의 운동" })).toBeVisible();
         |                                                                ^
      18 |
      19 |   // ── 관리자 ──
      20 |   const actx = await browser.newContext({ viewport: { width: 900, height: 920 } });
        at C:\git\heltch\health_app\tests\e2e\admin-ban.spec.ts:17:64

    attachment #1: screenshot (image/png) ──────────────────────────────────────────────────────────
    test-results\admin-ban-관리자-영구정지-→-회원-차단-→-해제-→-복구-mobile-chromium\test-failed-1.png
    ────────────────────────────────────────────────────────────────────────────────────────────────

    Error Context: test-results\admin-ban-관리자-영구정지-→-회원-차단-→-해제-→-복구-mobile-chromium\error-context.md

    attachment #3: trace (application/zip) ─────────────────────────────────────────────────────────
    test-results\admin-ban-관리자-영구정지-→-회원-차단-→-해제-→-복구-mobile-chromium\trace.zip
    Usage:

        npx playwright show-trace test-results\admin-ban-관리자-영구정지-→-회원-차단-→-해제-→-복구-mobile-chromium\trace.zip

    ────────────────────────────────────────────────────────────────────────────────────────────────


[1A[2K[3/28] [mobile-chromium] › tests\e2e\admin-ban.spec.ts:59:5 › 관리자 기간정지(7일) → 회원 차단 → DB 반영
[1A[2K[4/28] [mobile-chromium] › tests\e2e\completion-persist.spec.ts:9:5 › 루틴 변경으로 행 UUID 가 새로 생겨도 오늘 완료한 운동은 완료로 유지
[1A[2K[5/28] [mobile-chromium] › tests\e2e\conditioning-reorder-persist.spec.ts:10:5 › 루틴변경으로 오늘 마무리 종목이 달라져도(런닝→스트레칭) 완료 유지
[1A[2K  2) [mobile-chromium] › tests\e2e\conditioning-reorder-persist.spec.ts:10:5 › 루틴변경으로 오늘 마무리 종목이 달라져도(런닝→스트레칭) 완료 유지 

    Error: Cannot find module 'C:\git\heltch\health_app\tests\e2e\conditioning-reorder-persist.spec.ts'
    Require stack:
    - C:\git\heltch\health_app\node_modules\.pnpm\playwright@1.60.0\node_modules\playwright\lib\common\index.js
    - C:\git\heltch\health_app\node_modules\.pnpm\playwright@1.60.0\node_modules\playwright\lib\worker\workerProcessEntry.js


[1A[2K[6/28] [mobile-chromium] › tests\e2e\day-resync.spec.ts:9:5 › day_index 드리프트는 다음 진입 시 현재 루틴 일차로 재정렬된다
[1A[2K  3) [mobile-chromium] › tests\e2e\day-resync.spec.ts:9:5 › day_index 드리프트는 다음 진입 시 현재 루틴 일차로 재정렬된다 

    Error: Cannot find module 'C:\git\heltch\health_app\playwright.config.ts'
    Require stack:
    - C:\git\heltch\health_app\node_modules\.pnpm\playwright@1.60.0\node_modules\playwright\lib\common\index.js
    - C:\git\heltch\health_app\node_modules\.pnpm\playwright@1.60.0\node_modules\playwright\lib\worker\workerProcessEntry.js


[1A[2K[7/28] [mobile-chromium] › tests\e2e\muscle-picker.spec.ts:13:5 › 근육별로 운동선택: 마네킹 부위 선택 → 운동 담기 → 저장
[1A[2K  4) [mobile-chromium] › tests\e2e\muscle-picker.spec.ts:13:5 › 근육별로 운동선택: 마네킹 부위 선택 → 운동 담기 → 저장 ──

    Error: Cannot find module 'C:\git\heltch\health_app\playwright.config.ts'
    Require stack:
    - C:\git\heltch\health_app\node_modules\.pnpm\playwright@1.60.0\node_modules\playwright\lib\common\index.js
    - C:\git\heltch\health_app\node_modules\.pnpm\playwright@1.60.0\node_modules\playwright\lib\worker\workerProcessEntry.js


[1A[2K[8/28] [mobile-chromium] › tests\e2e\muscle-picker.spec.ts:64:5 › 온보딩에서 근육별로 운동선택 → 3D 마네킹으로 이동
[1A[2K[9/28] [mobile-chromium] › tests\e2e\muscle-picker.spec.ts:105:5 › 마네킹: 콘솔 에러 없이 3D 본체 렌더 (에러 폴백 아님)
[1A[2K[10/28] [mobile-chromium] › tests\e2e\muscle-picker.spec.ts:136:5 › 세부근육 드릴다운: 이두 장두 vs 단두 운동 필터
[1A[2K[11/28] [mobile-chromium] › tests\e2e\muscle-picker.spec.ts:161:5 › 운동 상세: 자극 부위 배지 노출
[1A[2K[12/28] [mobile-chromium] › tests\e2e\per-day-independence.spec.ts:24:5 › 같은 부위가 두 일차에 있어도 한 일차 편집이 다른 일차에 안 샌다
[1A[2K  5) [mobile-chromium] › tests\e2e\per-day-independence.spec.ts:24:5 › 같은 부위가 두 일차에 있어도 한 일차 편집이 다른 일차에 안 샌다 

    Error: Cannot find module 'C:\git\heltch\health_app\playwright.config.ts'
    Require stack:
    - C:\git\heltch\health_app\node_modules\.pnpm\playwright@1.60.0\node_modules\playwright\lib\common\index.js
    - C:\git\heltch\health_app\node_modules\.pnpm\playwright@1.60.0\node_modules\playwright\lib\worker\workerProcessEntry.js


[1A[2K[13/28] [mobile-chromium] › tests\e2e\per-day-independence.spec.ts:75:5 › legacy(day_index NULL) 행이 일차별로 자동 백필된다
[1A[2K[14/28] [mobile-chromium] › tests\e2e\rest-timer.spec.ts:8:5 › 가이드 화면에서 휴식 시간 설정 + 세트 완료 시 휴식 타이머가 시작된다
